// Jest Snapshot v1, https://goo.gl/fbAQLP

exports[`renders a file list 1`] = `
<div
  className="container"
>
  <h6>
    Uploaded files:
  </h6>
  <div
    className="list-group list-group-flush"
    onKeyDown={[Function]}
  >
    <div
      className="list-group-item list-group-item"
      data-rr-ui-event-key={null}
      onClick={[Function]}
    >
      <div
        className="container"
      >
        <div
          className="row align-items-center"
        >
          <div
            className="col-4"
          >
            File 1
          </div>
          <div
            className="col"
          >
            <button
              aria-label="remove-file"
              className="btn"
              onClick={[Function]}
              title="Remove File"
              type="button"
            >
              <svg
                className="bi"
                fill="currentColor"
                height="32"
                width="32"
              >
                <use
                  xlinkHref="bootstrap-icons.svg#x-circle"
                />
              </svg>
            </button>
          </div>
        </div>
      </div>
    </div>
    <div
      className="list-group-item list-group-item"
      data-rr-ui-event-key={null}
      onClick={[Function]}
    >
      <div
        className="container"
      >
        <div
          className="row align-items-center"
        >
          <div
            className="col-4"
          >
            File 2
          </div>
          <div
            className="col"
          >
            <button
              aria-label="remove-file"
              className="btn"
              onClick={[Function]}
              title="Remove File"
              type="button"
            >
              <svg
                className="bi"
                fill="currentColor"
                height="32"
                width="32"
              >
                <use
                  xlinkHref="bootstrap-icons.svg#x-circle"
                />
              </svg>
            </button>
          </div>
        </div>
      </div>
    </div>
    <div
      className="list-group-item list-group-item"
      data-rr-ui-event-key={null}
      onClick={[Function]}
    >
      <div
        className="container"
      >
        <div
          className="row align-items-center"
        >
          <div
            className="col-4"
          >
            File 3
          </div>
          <div
            className="col"
          >
            <button
              aria-label="remove-file"
              className="btn"
              onClick={[Function]}
              title="Remove File"
              type="button"
            >
              <svg
                className="bi"
                fill="currentColor"
                height="32"
                width="32"
              >
                <use
                  xlinkHref="bootstrap-icons.svg#x-circle"
                />
              </svg>
            </button>
          </div>
        </div>
      </div>
    </div>
  </div>
</div>
`;
