// Jest Snapshot v1, https://goo.gl/fbAQLP

exports[`renders a file list item 1`] = `
<div
  className="container"
>
  <div
    className="row align-items-center"
  >
    <div
      className="col-6"
    >
      File
    </div>
    <div
      className="col-3"
    >
      <button
        className="btn btn-primary"
        disabled={false}
        onClick={[Function]}
        type="button"
      >
        Get Download
      </button>
    </div>
    <div
      className="col"
    >
      <button
        aria-label="remove-file"
        className="btn"
        onClick={[MockFunction]}
        title="Remove File"
        type="button"
      >
        <img
          alt="Remove File"
          height="32"
          src="x-circle.svg"
          width="32"
        />
      </button>
    </div>
  </div>
</div>
`;
