// Jest Snapshot v1, https://goo.gl/fbAQLP

exports[`renders a navbar with links 1`] = `
<nav
  className="shadow-sm mb-3 navbar navbar-expand navbar-light bg-dark"
  data-bs-theme="dark"
>
  <div
    className="container"
  >
    <a
      className="d-flex align-items-center navbar-brand"
      href="/"
    >
      <svg
        fill="currentColor"
        height="32"
        width="32"
      >
        <use
          xlinkHref="omni-logo.svg#omni-logo"
        />
      </svg>
      <span>
        Omni Converter
      </span>
    </a>
    <div
      className="navbar-nav"
      onKeyDown={[Function]}
    >
      <a
        className="btn btn-outline-light nav-link"
        data-rr-ui-event-key="/"
        disabled={false}
        href="/"
        onClick={[Function]}
      >
        Convert
      </a>
      <a
        className="nav-link"
        data-rr-ui-event-key="myfiles"
        disabled={false}
        href="myfiles"
        onClick={[Function]}
      >
        My Files
      </a>
    </div>
  </div>
</nav>
`;
